  ImFastIII.cpp
Q:\Lee\Documents\GitHub\IMFAST_iii_vc\source\iii\ImFastIII.cpp(31,5): warning C4996: '_snprintf': This function or variable may be unsafe. Consider using _snprintf_s instead. To disable deprecation, use _CRT_SECURE_NO_WARNINGS. See online help for details.
Q:\Lee\Documents\GitHub\IMFAST_iii_vc\source\iii\ImFastIII.cpp(32,15): warning C4996: 'fopen': This function or variable may be unsafe. Consider using fopen_s instead. To disable deprecation, use _CRT_SECURE_NO_WARNINGS. See online help for details.
Q:\Lee\Documents\GitHub\IMFAST_iii_vc\source\iii\ImFastIII.cpp(94,9): warning C4996: '_snprintf': This function or variable may be unsafe. Consider using _snprintf_s instead. To disable deprecation, use _CRT_SECURE_NO_WARNINGS. See online help for details.
Q:\Lee\Documents\GitHub\IMFAST_iii_vc\source\iii\ImFastIII.cpp(97,5): warning C4996: '_snprintf': This function or variable may be unsafe. Consider using _snprintf_s instead. To disable deprecation, use _CRT_SECURE_NO_WARNINGS. See online help for details.
Q:\Lee\Documents\GitHub\IMFAST_iii_vc\source\iii\ImFastIII.cpp(99,5): warning C4996: '_snprintf': This function or variable may be unsafe. Consider using _snprintf_s instead. To disable deprecation, use _CRT_SECURE_NO_WARNINGS. See online help for details.
Q:\Lee\Documents\GitHub\IMFAST_iii_vc\source\iii\ImFastIII.cpp(121,9): warning C4996: '_snprintf': This function or variable may be unsafe. Consider using _snprintf_s instead. To disable deprecation, use _CRT_SECURE_NO_WARNINGS. See online help for details.
Q:\Lee\Documents\GitHub\IMFAST_iii_vc\source\iii\ImFastIII.cpp(127,5): warning C4996: '_snprintf': This function or variable may be unsafe. Consider using _snprintf_s instead. To disable deprecation, use _CRT_SECURE_NO_WARNINGS. See online help for details.
Q:\Lee\Documents\GitHub\IMFAST_iii_vc\source\iii\ImFastIII.cpp(129,5): warning C4996: '_snprintf': This function or variable may be unsafe. Consider using _snprintf_s instead. To disable deprecation, use _CRT_SECURE_NO_WARNINGS. See online help for details.
Q:\Lee\Documents\GitHub\IMFAST_iii_vc\source\iii\ImFastIII.cpp(137,5): warning C4996: '_snprintf': This function or variable may be unsafe. Consider using _snprintf_s instead. To disable deprecation, use _CRT_SECURE_NO_WARNINGS. See online help for details.
Q:\Lee\Documents\GitHub\IMFAST_iii_vc\source\iii\ImFastIII.cpp(140,19): warning C4996: 'fopen': This function or variable may be unsafe. Consider using fopen_s instead. To disable deprecation, use _CRT_SECURE_NO_WARNINGS. See online help for details.
Q:\Lee\Documents\GitHub\IMFAST_iii_vc\source\iii\ImFastIII.cpp(147,5): warning C4996: '_snprintf': This function or variable may be unsafe. Consider using _snprintf_s instead. To disable deprecation, use _CRT_SECURE_NO_WARNINGS. See online help for details.
Q:\Lee\Documents\GitHub\IMFAST_iii_vc\source\iii\ImFastIII.cpp(150,19): warning C4996: 'fopen': This function or variable may be unsafe. Consider using fopen_s instead. To disable deprecation, use _CRT_SECURE_NO_WARNINGS. See online help for details.
Q:\Lee\Documents\GitHub\IMFAST_iii_vc\source\iii\ImFastIII.cpp(158,9): warning C4996: '_snprintf': This function or variable may be unsafe. Consider using _snprintf_s instead. To disable deprecation, use _CRT_SECURE_NO_WARNINGS. See online help for details.
  正在生成代码
  已完成代码的生成
  Imfast.vcxproj -> Q:\Lee\Documents\GitHub\IMFAST_iii_vc\bin\GTA3\Release\Imfast.III.asi
  
  INFO: No tasks running with the specified criteria.
  Q:\Lee\Documents\GitHub\IMFAST_iii_vc\bin\GTA3\Release\Imfast.III.asi
  1 File(s) copied
